This is pdfTeX, Version 3.141592653-2.6-1.40.26 (MiKTeX 24.4) (preloaded format=pdflatex 2024.12.8)  16 JUN 2025 21:20
entering extended mode
 restricted \write18 enabled.
 file:line:error style messages enabled.
 %&-line parsing enabled.
**c:/Users/Usuario/Documents/tfg-git/latex/codigo.tex
(c:/Users/Usuario/Documents/tfg-git/latex/codigo.tex
LaTeX2e <2024-11-01>
L3 programming layer <2024-11-02>
(C:\Users\Usuario\AppData\Local\Programs\MiKTeX\tex/latex/base\article.cls
Document Class: article 2024/06/29 v1.4n Standard LaTeX document class
(C:\Users\Usuario\AppData\Local\Programs\MiKTeX\tex/latex/base\size10.clo
File: size10.clo 2024/06/29 v1.4n Standard LaTeX file (size option)
)
\c@part=\count196
\c@section=\count197
\c@subsection=\count198
\c@subsubsection=\count199
\c@paragraph=\count266
\c@subparagraph=\count267
\c@figure=\count268
\c@table=\count269
\abovecaptionskip=\skip49
\belowcaptionskip=\skip50
\bibindent=\dimen141
) (C:\Users\Usuario\AppData\Local\Programs\MiKTeX\tex/latex/amsfonts\amssymb.sty
Package: amssymb 2013/01/14 v3.01 AMS font symbols
 (C:\Users\Usuario\AppData\Local\Programs\MiKTeX\tex/latex/amsfonts\amsfonts.sty
Package: amsfonts 2013/01/14 v3.01 Basic AMSFonts support
\@emptytoks=\toks17
\symAMSa=\mathgroup4
\symAMSb=\mathgroup5
LaTeX Font Info:    Redeclaring math symbol \hbar on input line 98.
LaTeX Font Info:    Overwriting math alphabet `\mathfrak' in version `bold'
(Font)                  U/euf/m/n --> U/euf/b/n on input line 106.
)) (C:\Users\Usuario\AppData\Local\Programs\MiKTeX\tex/latex/graphics\graphicx.sty
Package: graphicx 2021/09/16 v1.2d Enhanced LaTeX Graphics (DPC,SPQR)
 (C:\Users\Usuario\AppData\Local\Programs\MiKTeX\tex/latex/graphics\keyval.sty
Package: keyval 2022/05/29 v1.15 key=value parser (DPC)
\KV@toks@=\toks18
) (C:\Users\Usuario\AppData\Local\Programs\MiKTeX\tex/latex/graphics\graphics.sty
Package: graphics 2024/08/06 v1.4g Standard LaTeX Graphics (DPC,SPQR)
 (C:\Users\Usuario\AppData\Local\Programs\MiKTeX\tex/latex/graphics\trig.sty
Package: trig 2023/12/02 v1.11 sin cos tan (DPC)
) (C:\Users\Usuario\AppData\Local\Programs\MiKTeX\tex/latex/graphics-cfg\graphics.cfg
File: graphics.cfg 2016/06/04 v1.11 sample graphics configuration
)
Package graphics Info: Driver file: pdftex.def on input line 106.
 (C:\Users\Usuario\AppData\Local\Programs\MiKTeX\tex/latex/graphics-def\pdftex.def
File: pdftex.def 2024/04/13 v1.2c Graphics/color driver for pdftex
))
\Gin@req@height=\dimen142
\Gin@req@width=\dimen143
) (C:\Users\Usuario\AppData\Local\Programs\MiKTeX\tex/latex/hyperref\hyperref.sty
Package: hyperref 2024-11-05 v7.01l Hypertext links for LaTeX
 (C:\Users\Usuario\AppData\Local\Programs\MiKTeX\tex/generic/iftex\iftex.sty
Package: iftex 2022/02/03 v1.0f TeX engine tests
) (C:\Users\Usuario\AppData\Local\Programs\MiKTeX\tex/latex/kvsetkeys\kvsetkeys.sty
Package: kvsetkeys 2022-10-05 v1.19 Key value parser (HO)
) (C:\Users\Usuario\AppData\Local\Programs\MiKTeX\tex/generic/kvdefinekeys\kvdefinekeys.sty
Package: kvdefinekeys 2019-12-19 v1.6 Define keys (HO)
) (C:\Users\Usuario\AppData\Local\Programs\MiKTeX\tex/generic/pdfescape\pdfescape.sty
Package: pdfescape 2019/12/09 v1.15 Implements pdfTeX's escape features (HO)
 (C:\Users\Usuario\AppData\Local\Programs\MiKTeX\tex/generic/ltxcmds\ltxcmds.sty
Package: ltxcmds 2023-12-04 v1.26 LaTeX kernel commands for general use (HO)
) (C:\Users\Usuario\AppData\Local\Programs\MiKTeX\tex/generic/pdftexcmds\pdftexcmds.sty
Package: pdftexcmds 2020-06-27 v0.33 Utility functions of pdfTeX for LuaTeX (HO)
 (C:\Users\Usuario\AppData\Local\Programs\MiKTeX\tex/generic/infwarerr\infwarerr.sty
Package: infwarerr 2019/12/03 v1.5 Providing info/warning/error messages (HO)
)
Package pdftexcmds Info: \pdf@primitive is available.
Package pdftexcmds Info: \pdf@ifprimitive is available.
Package pdftexcmds Info: \pdfdraftmode found.
)) (C:\Users\Usuario\AppData\Local\Programs\MiKTeX\tex/latex/hycolor\hycolor.sty
Package: hycolor 2020-01-27 v1.10 Color options for hyperref/bookmark (HO)
) (C:\Users\Usuario\AppData\Local\Programs\MiKTeX\tex/latex/hyperref\nameref.sty
Package: nameref 2023-11-26 v2.56 Cross-referencing by name of section
 (C:\Users\Usuario\AppData\Local\Programs\MiKTeX\tex/latex/refcount\refcount.sty
Package: refcount 2019/12/15 v3.6 Data extraction from label references (HO)
) (C:\Users\Usuario\AppData\Local\Programs\MiKTeX\tex/generic/gettitlestring\gettitlestring.sty
Package: gettitlestring 2019/12/15 v1.6 Cleanup title references (HO)
 (C:\Users\Usuario\AppData\Local\Programs\MiKTeX\tex/latex/kvoptions\kvoptions.sty
Package: kvoptions 2022-06-15 v3.15 Key value format for package options (HO)
))
\c@section@level=\count270
) (C:\Users\Usuario\AppData\Local\Programs\MiKTeX\tex/latex/etoolbox\etoolbox.sty
Package: etoolbox 2020/10/05 v2.5k e-TeX tools for LaTeX (JAW)
\etb@tempcnta=\count271
) (C:\Users\Usuario\AppData\Local\Programs\MiKTeX\tex/generic/stringenc\stringenc.sty
Package: stringenc 2019/11/29 v1.12 Convert strings between diff. encodings (HO)
)
\@linkdim=\dimen144
\Hy@linkcounter=\count272
\Hy@pagecounter=\count273
 (C:\Users\Usuario\AppData\Local\Programs\MiKTeX\tex/latex/hyperref\pd1enc.def
File: pd1enc.def 2024-11-05 v7.01l Hyperref: PDFDocEncoding definition (HO)
Now handling font encoding PD1 ...
... no UTF-8 mapping file for font encoding PD1
) (C:\Users\Usuario\AppData\Local\Programs\MiKTeX\tex/generic/intcalc\intcalc.sty
Package: intcalc 2019/12/15 v1.3 Expandable calculations with integers (HO)
)
\Hy@SavedSpaceFactor=\count274
 (C:\Users\Usuario\AppData\Local\Programs\MiKTeX\tex/latex/hyperref\puenc.def
File: puenc.def 2024-11-05 v7.01l Hyperref: PDF Unicode definition (HO)
Now handling font encoding PU ...
... no UTF-8 mapping file for font encoding PU
)
Package hyperref Info: Hyper figures OFF on input line 4157.
Package hyperref Info: Link nesting OFF on input line 4162.
Package hyperref Info: Hyper index ON on input line 4165.
Package hyperref Info: Plain pages OFF on input line 4172.
Package hyperref Info: Backreferencing OFF on input line 4177.
Package hyperref Info: Implicit mode ON; LaTeX internals redefined.
Package hyperref Info: Bookmarks ON on input line 4424.
\c@Hy@tempcnt=\count275
 (C:\Users\Usuario\AppData\Local\Programs\MiKTeX\tex/latex/url\url.sty
\Urlmuskip=\muskip17
Package: url 2013/09/16  ver 3.4  Verb mode for urls, etc.
)
LaTeX Info: Redefining \url on input line 4763.
\XeTeXLinkMargin=\dimen145
 (C:\Users\Usuario\AppData\Local\Programs\MiKTeX\tex/generic/bitset\bitset.sty
Package: bitset 2019/12/09 v1.3 Handle bit-vector datatype (HO)
 (C:\Users\Usuario\AppData\Local\Programs\MiKTeX\tex/generic/bigintcalc\bigintcalc.sty
Package: bigintcalc 2019/12/15 v1.5 Expandable calculations on big integers (HO)
))
\Fld@menulength=\count276
\Field@Width=\dimen146
\Fld@charsize=\dimen147
Package hyperref Info: Hyper figures OFF on input line 6042.
Package hyperref Info: Link nesting OFF on input line 6047.
Package hyperref Info: Hyper index ON on input line 6050.
Package hyperref Info: backreferencing OFF on input line 6057.
Package hyperref Info: Link coloring OFF on input line 6062.
Package hyperref Info: Link coloring with OCG OFF on input line 6067.
Package hyperref Info: PDF/A mode OFF on input line 6072.
 (C:\Users\Usuario\AppData\Local\Programs\MiKTeX\tex/latex/base\atbegshi-ltx.sty
Package: atbegshi-ltx 2021/01/10 v1.0c Emulation of the original atbegshi
package with kernel methods
)
\Hy@abspage=\count277
\c@Item=\count278
\c@Hfootnote=\count279
)
Package hyperref Info: Driver (autodetected): hpdftex.
 (C:\Users\Usuario\AppData\Local\Programs\MiKTeX\tex/latex/hyperref\hpdftex.def
File: hpdftex.def 2024-11-05 v7.01l Hyperref driver for pdfTeX
 (C:\Users\Usuario\AppData\Local\Programs\MiKTeX\tex/latex/base\atveryend-ltx.sty
Package: atveryend-ltx 2020/08/19 v1.0a Emulation of the original atveryend package
with kernel methods
)
\Fld@listcount=\count280
\c@bookmark@seq@number=\count281
 (C:\Users\Usuario\AppData\Local\Programs\MiKTeX\tex/latex/rerunfilecheck\rerunfilecheck.sty
Package: rerunfilecheck 2022-07-10 v1.10 Rerun checks for auxiliary files (HO)
 (C:\Users\Usuario\AppData\Local\Programs\MiKTeX\tex/generic/uniquecounter\uniquecounter.sty
Package: uniquecounter 2019/12/15 v1.4 Provide unlimited unique counter (HO)
)
Package uniquecounter Info: New unique counter `rerunfilecheck' on input line 285.
)
\Hy@SectionHShift=\skip51
) (C:\Users\Usuario\AppData\Local\Programs\MiKTeX\tex/latex/listings\listings.sty
\lst@mode=\count282
\lst@gtempboxa=\box52
\lst@token=\toks19
\lst@length=\count283
\lst@currlwidth=\dimen148
\lst@column=\count284
\lst@pos=\count285
\lst@lostspace=\dimen149
\lst@width=\dimen150
\lst@newlines=\count286
\lst@lineno=\count287
\lst@maxwidth=\dimen151
 (C:\Users\Usuario\AppData\Local\Programs\MiKTeX\tex/latex/listings\lstpatch.sty
File: lstpatch.sty 2024/09/23 1.10c (Carsten Heinz)
) (C:\Users\Usuario\AppData\Local\Programs\MiKTeX\tex/latex/listings\lstmisc.sty
File: lstmisc.sty 2024/09/23 1.10c (Carsten Heinz)
\c@lstnumber=\count288
\lst@skipnumbers=\count289
\lst@framebox=\box53
) (C:\Users\Usuario\AppData\Local\Programs\MiKTeX\tex/latex/listings\listings.cfg
File: listings.cfg 2024/09/23 1.10c listings configuration
))
Package: listings 2024/09/23 1.10c (Carsten Heinz)
 (C:\Users\Usuario\AppData\Local\Programs\MiKTeX\tex/latex/mathtools\mathtools.sty
Package: mathtools 2024/10/04 v1.31 mathematical typesetting tools
 (C:\Users\Usuario\AppData\Local\Programs\MiKTeX\tex/latex/tools\calc.sty
Package: calc 2023/07/08 v4.3 Infix arithmetic (KKT,FJ)
\calc@Acount=\count290
\calc@Bcount=\count291
\calc@Adimen=\dimen152
\calc@Bdimen=\dimen153
\calc@Askip=\skip52
\calc@Bskip=\skip53
LaTeX Info: Redefining \setlength on input line 80.
LaTeX Info: Redefining \addtolength on input line 81.
\calc@Ccount=\count292
\calc@Cskip=\skip54
) (C:\Users\Usuario\AppData\Local\Programs\MiKTeX\tex/latex/mathtools\mhsetup.sty
Package: mhsetup 2021/03/18 v1.4 programming setup (MH)
) (C:\Users\Usuario\AppData\Local\Programs\MiKTeX\tex/latex/amsmath\amsmath.sty
Package: amsmath 2024/11/05 v2.17t AMS math features
\@mathmargin=\skip55

For additional information on amsmath, use the `?' option.
(C:\Users\Usuario\AppData\Local\Programs\MiKTeX\tex/latex/amsmath\amstext.sty
Package: amstext 2021/08/26 v2.01 AMS text
 (C:\Users\Usuario\AppData\Local\Programs\MiKTeX\tex/latex/amsmath\amsgen.sty
File: amsgen.sty 1999/11/30 v2.0 generic functions
\@emptytoks=\toks20
\ex@=\dimen154
)) (C:\Users\Usuario\AppData\Local\Programs\MiKTeX\tex/latex/amsmath\amsbsy.sty
Package: amsbsy 1999/11/29 v1.2d Bold Symbols
\pmbraise@=\dimen155
) (C:\Users\Usuario\AppData\Local\Programs\MiKTeX\tex/latex/amsmath\amsopn.sty
Package: amsopn 2022/04/08 v2.04 operator names
)
\inf@bad=\count293
LaTeX Info: Redefining \frac on input line 233.
\uproot@=\count294
\leftroot@=\count295
LaTeX Info: Redefining \overline on input line 398.
LaTeX Info: Redefining \colon on input line 409.
\classnum@=\count296
\DOTSCASE@=\count297
LaTeX Info: Redefining \ldots on input line 495.
LaTeX Info: Redefining \dots on input line 498.
LaTeX Info: Redefining \cdots on input line 619.
\Mathstrutbox@=\box54
\strutbox@=\box55
LaTeX Info: Redefining \big on input line 721.
LaTeX Info: Redefining \Big on input line 722.
LaTeX Info: Redefining \bigg on input line 723.
LaTeX Info: Redefining \Bigg on input line 724.
\big@size=\dimen156
LaTeX Font Info:    Redeclaring font encoding OML on input line 742.
LaTeX Font Info:    Redeclaring font encoding OMS on input line 743.
\macc@depth=\count298
LaTeX Info: Redefining \bmod on input line 904.
LaTeX Info: Redefining \pmod on input line 909.
LaTeX Info: Redefining \smash on input line 939.
LaTeX Info: Redefining \relbar on input line 969.
LaTeX Info: Redefining \Relbar on input line 970.
\c@MaxMatrixCols=\count299
\dotsspace@=\muskip18
\c@parentequation=\count300
\dspbrk@lvl=\count301
\tag@help=\toks21
\row@=\count302
\column@=\count303
\maxfields@=\count304
\andhelp@=\toks22
\eqnshift@=\dimen157
\alignsep@=\dimen158
\tagshift@=\dimen159
\tagwidth@=\dimen160
\totwidth@=\dimen161
\lineht@=\dimen162
\@envbody=\toks23
\multlinegap=\skip56
\multlinetaggap=\skip57
\mathdisplay@stack=\toks24
LaTeX Info: Redefining \[ on input line 2953.
LaTeX Info: Redefining \] on input line 2954.
)
\g_MT_multlinerow_int=\count305
\l_MT_multwidth_dim=\dimen163
\origjot=\skip58
\l_MT_shortvdotswithinadjustabove_dim=\dimen164
\l_MT_shortvdotswithinadjustbelow_dim=\dimen165
\l_MT_above_intertext_sep=\dimen166
\l_MT_below_intertext_sep=\dimen167
\l_MT_above_shortintertext_sep=\dimen168
\l_MT_below_shortintertext_sep=\dimen169
\xmathstrut@box=\box56
\xmathstrut@dim=\dimen170
) (maple.sty
Package: maple 2005/03/17 v1.16
Package: maple 2005/03/17 mapleMaple Latex Style Package -- 2005/03/17 maple
Defining Maple Utility Macros
\@MapleTabSize=\dimen171
\MapleListCorrection=\toks25
\AboveMapleSkip=\skip59
\BelowMapleSkip=\skip60
\LeftMapleSkip=\dimen172
\AboveMaplePlot=\skip61
\BelowMaplePlot=\skip62
\MaplePlotHeight=\dimen173
\MaplePlotWidth=\dimen174
\MaplePlotHeight@Fudge=\dimen175
\MaplePlotWidth@Fudge=\dimen176
\MapleSepLineWidth=\dimen177
\MapleTab=\count306
\MaplePromptString=\toks26
\MaplePromptSecondary=\toks27
\MapleSepLineHeight=\dimen178
\newleftskip=\skip63
\mapleinputbox=\box57
\maplebox=\box58
\Tab=\dimen179
\@inlinebox=\box59
\cellwidth=\dimen180
Defining Maple Plot Environemnts
 ...Defaults to "dvips" Driver 
(C:\Users\Usuario\AppData\Local\Programs\MiKTeX\tex/latex/graphics\epsfig.sty
Package: epsfig 2024/01/14 v1.7b (e)psfig emulation (SPQR)
\epsfxsize=\dimen181
\epsfysize=\dimen182
)
Defining Automatic Style Generation Macros
\maplettybox=\box60
Defining Maple Spreadsheet Environments
Maple Spreadsheet and Table Support
\multilinesep=\dimen183
\@linebuffer=\box61
\@currentline=\box62
\@linebufferwidth=\dimen184
\EndMultiLine=\toks28
\tindent=\skip64
) (C:\Users\Usuario\AppData\Local\Programs\MiKTeX\tex/latex/base\inputenc.sty
Package: inputenc 2024/02/08 v1.3d Input encoding file
\inpenc@prehook=\toks29
\inpenc@posthook=\toks30
) (C:\Users\Usuario\AppData\Local\Programs\MiKTeX\tex/latex/xcolor\xcolor.sty
Package: xcolor 2024/09/29 v3.02 LaTeX color extensions (UK)
 (C:\Users\Usuario\AppData\Local\Programs\MiKTeX\tex/latex/graphics-cfg\color.cfg
File: color.cfg 2016/01/02 v1.6 sample color configuration
)
Package xcolor Info: Driver file: pdftex.def on input line 274.
 (C:\Users\Usuario\AppData\Local\Programs\MiKTeX\tex/latex/graphics\mathcolor.ltx)
Package xcolor Info: Model `cmy' substituted by `cmy0' on input line 1349.
Package xcolor Info: Model `hsb' substituted by `rgb' on input line 1353.
Package xcolor Info: Model `RGB' extended on input line 1365.
Package xcolor Info: Model `HTML' substituted by `rgb' on input line 1367.
Package xcolor Info: Model `Hsb' substituted by `hsb' on input line 1368.
Package xcolor Info: Model `tHsb' substituted by `hsb' on input line 1369.
Package xcolor Info: Model `HSB' substituted by `hsb' on input line 1370.
Package xcolor Info: Model `Gray' substituted by `gray' on input line 1371.
Package xcolor Info: Model `wave' substituted by `hsb' on input line 1372.
) (C:\Users\Usuario\AppData\Local\Programs\MiKTeX\tex/latex/xcolor\svgnam.def
File: svgnam.def 2024/09/29 v3.02 Predefined colors according to SVG 1.1 (UK)
) (C:\Users\Usuario\AppData\Local\Programs\MiKTeX\tex/latex/breqn\breqn.sty (C:\Users\Usuario\AppData\Local\Programs\MiKTeX\tex/latex/l3kernel\expl3.sty
Package: expl3 2024-11-02 L3 programming layer (loader) 
 (C:\Users\Usuario\AppData\Local\Programs\MiKTeX\tex/latex/l3backend\l3backend-pdftex.def
File: l3backend-pdftex.def 2024-05-08 L3 backend support: PDF output (pdfTeX)
\l__color_backend_stack_int=\count307
\l__pdf_internal_box=\box63
))
Package: breqn 2021/10/28 v0.98l Breaking equations
 (C:\Users\Usuario\AppData\Local\Programs\MiKTeX\tex/latex/breqn\flexisym.sty
Package: flexisym 2021/10/28 v0.98l Make math characters macros
LaTeX Info: Redefining \textprime on input line 299.
LaTeX Info: Redefining \not on input line 357.
 (C:\Users\Usuario\AppData\Local\Programs\MiKTeX\tex/latex/breqn\cmbase.sym
File: cmbase.sym 2007/12/19 v0.92
LaTeX Info: Redefining \hbar on input line 324.
LaTeX Info: Redefining \surd on input line 326.
LaTeX Info: Redefining \angle on input line 334.
LaTeX Info: Redefining \neq on input line 335.
LaTeX Info: Redefining \mapsto on input line 336.
LaTeX Info: Redefining \cong on input line 337.
LaTeX Info: Redefining \notin on input line 340.
LaTeX Info: Redefining \rightleftharpoons on input line 341.
LaTeX Info: Redefining \doteq on input line 342.
LaTeX Info: Redefining \hookrightarrow on input line 343.
LaTeX Info: Redefining \hookleftarrow on input line 344.
LaTeX Info: Redefining \bowtie on input line 345.
LaTeX Info: Redefining \models on input line 346.
LaTeX Info: Redefining \Longrightarrow on input line 347.
LaTeX Info: Redefining \longrightarrow on input line 348.
LaTeX Info: Redefining \Longleftarrow on input line 349.
LaTeX Info: Redefining \longleftarrow on input line 350.
LaTeX Info: Redefining \longmapsto on input line 351.
LaTeX Info: Redefining \longleftrightarrow on input line 352.
LaTeX Info: Redefining \Longleftrightarrow on input line 353.
LaTeX Info: Redefining \cdots on input line 357.
LaTeX Info: Redefining \vdots on input line 360.
LaTeX Info: Redefining \ddots on input line 365.
) (C:\Users\Usuario\AppData\Local\Programs\MiKTeX\tex/latex/breqn\mathstyle.sty
Package: mathstyle 2021/10/28 v0.98l Tracking mathstyle implicitly
LaTeX Info: Redefining \displaystyle on input line 95.
LaTeX Info: Redefining \textstyle on input line 97.
LaTeX Info: Redefining \scriptstyle on input line 99.
LaTeX Info: Redefining \scriptscriptstyle on input line 101.
LaTeX Info: Redefining \genfrac on input line 149.
))
\inf@bad=\count308
\maxint=\count309
\listwidth=\dimen185
\eqnumsep=\dimen186
\eqmargin=\dimen187
\eqlinespacing=\skip65
\eqlineskip=\skip66
\eqlineskiplimit=\dimen188
\eqbinoffset=\muskip19
\eqdelimoffset=\muskip20
\eqindentstep=\dimen189
\eqstyle=\toks31
\eqbreakdepth=\count310
\eqinterlinepenalty=\count311
\intereqpenalty=\count312
\intereqskip=\skip67
\prerelpenalty=\count313
\prebinoppenalty=\count314
\Dmedmuskip=\muskip21
\Dthickmuskip=\muskip22
\eqleftskip=\skip68
\eqrightskip=\skip69
\eq@vspan=\skip70
\eq@binoffset=\muskip23
\EQ@box=\box64
\EQ@copy=\box65
\EQ@numbox=\box66
\eq@wdNum=\dimen190
\GRP@numbox=\box67
\grp@wdNum=\dimen191
\eq@lines=\count315
\eq@curline=\count316
\eq@badness=\count317
\EQ@vims=\count318
\eq@dp=\dimen192
\eq@wdL=\dimen193
\eq@wdT=\dimen194
\eq@wdMin=\dimen195
\grp@wdL=\dimen196
\grp@wdR=\dimen197
\grp@wdT=\dimen198
\eq@wdRmax=\dimen199
\eq@firstht=\dimen256
\eq@wdCond=\dimen257
\eq@indentstep=\dimen258
\eq@linewidth=\dimen259
\grp@linewidth=\dimen260
\eq@hshift=\dimen261
\eq@given@sidespace=\dimen262
\mathindent=\dimen263
\eq@final@linecount=\count319
\eq@wdR=\dimen264
\EQ@continue=\toks32
\lr@level=\count320
\GRP@queue=\toks33
\GRP@box=\box68
\GRP@wholebox=\box69
\darraycolsep=\skip71
\cur@row=\count321
\cur@col=\count322
\conditionsep=\skip72
) (C:\Users\Usuario\AppData\Local\Programs\MiKTeX\tex/latex/base\textcomp.sty
Package: textcomp 2024/04/24 v2.1b Standard LaTeX package
)
No file codigo.aux.
\openout1 = `codigo.aux'.

LaTeX Font Info:    Checking defaults for OML/cmm/m/it on input line 16.
LaTeX Font Info:    ... okay on input line 16.
LaTeX Font Info:    Checking defaults for OMS/cmsy/m/n on input line 16.
LaTeX Font Info:    ... okay on input line 16.
LaTeX Font Info:    Checking defaults for OT1/cmr/m/n on input line 16.
LaTeX Font Info:    ... okay on input line 16.
LaTeX Font Info:    Checking defaults for T1/cmr/m/n on input line 16.
LaTeX Font Info:    ... okay on input line 16.
LaTeX Font Info:    Checking defaults for TS1/cmr/m/n on input line 16.
LaTeX Font Info:    ... okay on input line 16.
LaTeX Font Info:    Checking defaults for OMX/cmex/m/n on input line 16.
LaTeX Font Info:    ... okay on input line 16.
LaTeX Font Info:    Checking defaults for U/cmr/m/n on input line 16.
LaTeX Font Info:    ... okay on input line 16.
LaTeX Font Info:    Checking defaults for PD1/pdf/m/n on input line 16.
LaTeX Font Info:    ... okay on input line 16.
LaTeX Font Info:    Checking defaults for PU/pdf/m/n on input line 16.
LaTeX Font Info:    ... okay on input line 16.
(C:\Users\Usuario\AppData\Local\Programs\MiKTeX\tex/context/base/mkii\supp-pdf.mkii
[Loading MPS to PDF converter (version 2006.09.02).]
\scratchcounter=\count323
\scratchdimen=\dimen265
\scratchbox=\box70
\nofMPsegments=\count324
\nofMParguments=\count325
\everyMPshowfont=\toks34
\MPscratchCnt=\count326
\MPscratchDim=\dimen266
\MPnumerator=\count327
\makeMPintoPDFobject=\count328
\everyMPtoPDFconversion=\toks35
) (C:\Users\Usuario\AppData\Local\Programs\MiKTeX\tex/latex/epstopdf-pkg\epstopdf-base.sty
Package: epstopdf-base 2020-01-24 v2.11 Base part for package epstopdf
Package epstopdf-base Info: Redefining graphics rule for `.eps' on input line 485.
 (C:\Users\Usuario\AppData\Local\Programs\MiKTeX\tex/latex/00miktex\epstopdf-sys.cfg
File: epstopdf-sys.cfg 2021/03/18 v2.0 Configuration of epstopdf for MiKTeX
))
Package hyperref Info: Link coloring OFF on input line 16.
\@outlinefile=\write3
\openout3 = `codigo.out'.

\c@lstlisting=\count329
LaTeX Font Info:    Trying to load font information for U+msa on input line 44.
 (C:\Users\Usuario\AppData\Local\Programs\MiKTeX\tex/latex/amsfonts\umsa.fd
File: umsa.fd 2013/01/14 v3.01 AMS symbols A
)
LaTeX Font Info:    Trying to load font information for U+msb on input line 44.
 (C:\Users\Usuario\AppData\Local\Programs\MiKTeX\tex/latex/amsfonts\umsb.fd
File: umsb.fd 2013/01/14 v3.01 AMS symbols B
)
LaTeX Font Info:    Trying to load font information for OMS+cmr on input line 178.
 (C:\Users\Usuario\AppData\Local\Programs\MiKTeX\tex/latex/base\omscmr.fd
File: omscmr.fd 2023/04/13 v2.5m Standard LaTeX font definitions
)
LaTeX Font Info:    Font shape `OMS/cmr/m/n' in size <10> not available
(Font)              Font shape `OMS/cmsy/m/n' tried instead on input line 178.

c:/Users/Usuario/Documents/tfg-git/latex/codigo.tex:184: Misplaced alignment tab character &.
<argument> &
            bsol;\_
l.184 ...sh \left{\mathrm{n}\backslash \right}$''}
                                                  ,\mathit{labels} =\,[\text...
I can't figure out why you would want to use a tab mark
here. If you just want an ampersand, the remedy is
simple: Just type `I\&' now. But if some right brace
up above has ended a previous alignment prematurely,
you're probably due for more error messages, and you
might try typing `S' now just to see what is salvageable.

c:/Users/Usuario/Documents/tfg-git/latex/codigo.tex:184: Missing delimiter (. inserted).
<to be read again> 
                   {
l.184 ...sh \left{\mathrm{n}\backslash \right}$''}
                                                  ,\mathit{labels} =\,[\text...
I was expecting to see something like `(' or `\{' or
`\}' here. If you typed, e.g., `{' instead of `\{', you
should probably delete the `{' by typing `1' now, so that
braces don't get unbalanced. Otherwise just proceed.
Acceptable delimiters are characters whose \delcode is
nonnegative, or you can use `\delimiter <delimiter code>'.

c:/Users/Usuario/Documents/tfg-git/latex/codigo.tex:184: Missing } inserted.
<inserted text> 
                }
l.184 ...sh \left{\mathrm{n}\backslash \right}$''}
                                                  ,\mathit{labels} =\,[\text...
I've inserted something that you may have forgotten.
(See the <inserted text> above.)
With luck, this will get me unwedged. But if you
really didn't forget anything, try typing `2' now; then
my insertion and my current dilemma will both disappear.

c:/Users/Usuario/Documents/tfg-git/latex/codigo.tex:184: Missing delimiter (. inserted).
<to be read again> 
                   }
l.184 ...sh \left{\mathrm{n}\backslash \right}$''}
                                                  ,\mathit{labels} =\,[\text...
I was expecting to see something like `(' or `\{' or
`\}' here. If you typed, e.g., `{' instead of `\{', you
should probably delete the `{' by typing `1' now, so that
braces don't get unbalanced. Otherwise just proceed.
Acceptable delimiters are characters whose \delcode is
nonnegative, or you can use `\delimiter <delimiter code>'.

c:/Users/Usuario/Documents/tfg-git/latex/codigo.tex:184: Extra }, or forgotten $.
<recently read> }
                 
l.184 ...sh \left{\mathrm{n}\backslash \right}$''}
                                                  ,\mathit{labels} =\,[\text...
I've deleted a group-closing symbol because it seems to be
spurious, as in `$x}$'. But perhaps the } is legitimate and
you forgot something else, as in `\hbox{$x}'. In such cases
the way to recover is to insert both the forgotten and the
deleted material, e.g., by typing `I$}'.

c:/Users/Usuario/Documents/tfg-git/latex/codigo.tex:184: Misplaced alignment tab character &.
<argument> &
            bsol;\_
l.184 ...sh \left{\mathrm{n}\backslash \right}$''}
                                                  ,\mathit{labels} =\,[\text...
I can't figure out why you would want to use a tab mark
here. If you just want an ampersand, the remedy is
simple: Just type `I\&' now. But if some right brace
up above has ended a previous alignment prematurely,
you're probably due for more error messages, and you
might try typing `S' now just to see what is salvageable.

c:/Users/Usuario/Documents/tfg-git/latex/codigo.tex:184: Missing delimiter (. inserted).
<to be read again> 
                   {
l.184 ...sh \left{\mathrm{n}\backslash \right}$''}
                                                  ,\mathit{labels} =\,[\text...
I was expecting to see something like `(' or `\{' or
`\}' here. If you typed, e.g., `{' instead of `\{', you
should probably delete the `{' by typing `1' now, so that
braces don't get unbalanced. Otherwise just proceed.
Acceptable delimiters are characters whose \delcode is
nonnegative, or you can use `\delimiter <delimiter code>'.

c:/Users/Usuario/Documents/tfg-git/latex/codigo.tex:184: Missing } inserted.
<inserted text> 
                }
l.184 ...sh \left{\mathrm{n}\backslash \right}$''}
                                                  ,\mathit{labels} =\,[\text...
I've inserted something that you may have forgotten.
(See the <inserted text> above.)
With luck, this will get me unwedged. But if you
really didn't forget anything, try typing `2' now; then
my insertion and my current dilemma will both disappear.

c:/Users/Usuario/Documents/tfg-git/latex/codigo.tex:184: Missing delimiter (. inserted).
<to be read again> 
                   }
l.184 ...sh \left{\mathrm{n}\backslash \right}$''}
                                                  ,\mathit{labels} =\,[\text...
I was expecting to see something like `(' or `\{' or
`\}' here. If you typed, e.g., `{' instead of `\{', you
should probably delete the `{' by typing `1' now, so that
braces don't get unbalanced. Otherwise just proceed.
Acceptable delimiters are characters whose \delcode is
nonnegative, or you can use `\delimiter <delimiter code>'.

c:/Users/Usuario/Documents/tfg-git/latex/codigo.tex:184: Extra }, or forgotten $.
<recently read> }
                 
l.184 ...sh \left{\mathrm{n}\backslash \right}$''}
                                                  ,\mathit{labels} =\,[\text...
I've deleted a group-closing symbol because it seems to be
spurious, as in `$x}$'. But perhaps the } is legitimate and
you forgot something else, as in `\hbox{$x}'. In such cases
the way to recover is to insert both the forgotten and the
deleted material, e.g., by typing `I$}'.

c:/Users/Usuario/Documents/tfg-git/latex/codigo.tex:196: Misplaced alignment tab character &.
<argument> &
            bsol;\_
l.196 ...eft(\mathrm{t}\right)\textrm{\ en 3D}$''}
                                                  ,\, \,\mathit{orientation}...
I can't figure out why you would want to use a tab mark
here. If you just want an ampersand, the remedy is
simple: Just type `I\&' now. But if some right brace
up above has ended a previous alignment prematurely,
you're probably due for more error messages, and you
might try typing `S' now just to see what is salvageable.

c:/Users/Usuario/Documents/tfg-git/latex/codigo.tex:196: Misplaced alignment tab character &.
<argument> &
            bsol;\_
l.196 ...eft(\mathrm{t}\right)\textrm{\ en 3D}$''}
                                                  ,\, \,\mathit{orientation}...
I can't figure out why you would want to use a tab mark
here. If you just want an ampersand, the remedy is
simple: Just type `I\&' now. But if some right brace
up above has ended a previous alignment prematurely,
you're probably due for more error messages, and you
might try typing `S' now just to see what is salvageable.


Overfull \hbox (49.24048pt too wide) in paragraph at lines 44--207
[] [] \OT1/cmr/m/n/10 [[](\OML/cmm/m/it/10 t[]; k \OT1/cmr/m/n/10 = 0\OML/cmm/m/it/10 ::n\OT1/cmr/m/n/10 )]:  [] [] [](\OML/cmm/m/it/10 n \OT1/cmr/m/n/10 + 1\OML/cmm/m/it/10 ; n \OT1/cmr/m/n/10 + 1\OML/cmm/m/it/10 ; \OT1/cmr/m/n/10 (\OML/cmm/m/it/10 i; j\OT1/cmr/m/n/10 ) \OMS/cmsy/m/n/10 ! []\OT1/cmr/m/n/10 ([][\OML/cmm/m/it/10 i\OT1/cmr/m/n/10 ]\OML/cmm/m/it/10 ; []\OT1/cmr/m/n/10 [\OML/cmm/m/it/10 j\OT1/cmr/m/n/10 ])): [] 
 []


Overfull \hbox (49.38283pt too wide) in paragraph at lines 44--207
[] [] []\OT1/cmr/m/n/10 ([]):  [] [] [[]([]([][\OML/cmm/m/it/10 i\OT1/cmr/m/n/10 ])\OML/cmm/m/it/10 ;  i \OT1/cmr/m/n/10 =  1 \OML/cmm/m/it/10 :: n \OT1/cmr/m/n/10 + 1)]:  [] []
 []


Overfull \hbox (86.14539pt too wide) in paragraph at lines 44--207
[] [] []\OT1/cmr/m/n/10 ([]\OML/cmm/m/it/10 ;  []\OT1/cmr/m/n/10 )  [] []\OML/cmm/m/it/10 ;  p;  i\OT1/cmr/m/n/10 ;   [] [] [];   [] \OML/cmm/m/it/10 p [] [] [] [] []
 []


Overfull \hbox (14.0044pt too wide) in paragraph at lines 44--207
[] [] []\OT1/cmr/m/n/10 ([]\OML/cmm/m/it/10 ; []\OT1/cmr/m/n/10 ):  [] [] [](\OML/cmm/m/it/10 n; n; \OT1/cmr/m/n/10 (\OML/cmm/m/it/10 i; j\OT1/cmr/m/n/10 ) \OMS/cmsy/m/n/10 ! []\OT1/cmr/m/n/10 (\OML/cmm/m/it/10 t \OMS/cmsy/m/n/10 ^^A
 []


Overfull \hbox (9.95757pt too wide) in paragraph at lines 44--207
[] \OML/cmm/m/it/10 i [] []\OT1/cmr/m/n/10 ([]) [] [] [] [[]([])\OML/cmm/m/it/10 ;  \OT1/cmr/m/n/10 [\OMS/cmsy/m/n/10 <\OT1/cmr/m/n/10 ([][\OML/cmm/m/it/10 i\OT1/cmr/m/n/10 ])\OML/cmm/m/it/10 ; \OMS/cmsy/m/n/10 =\OT1/cmr/m/n/10 ([][\OML/cmm/m/it/10 i\OT1/cmr/m/n/10 ])]]; [] 
 []


Overfull \hbox (26.92905pt too wide) in paragraph at lines 44--207
\OT1/cmr/m/n/10 #[][] [] [[]\OML/cmm/m/it/10 ;  [];  [];  [];  [];  [];  [];  [];  []\OT1/cmr/m/n/10 ]: [] 
 []


Overfull \hbox (59.50949pt too wide) in paragraph at lines 44--207
[] [] []\OT1/cmr/m/n/10 ([]([0\OML/cmm/m/it/10 ;  \OT1/cmr/m/n/10 0]\OML/cmm/m/it/10 ;  []\OT1/cmr/m/n/10 (3))\OML/cmm/m/it/10 ;   [] \OT1/cmr/m/n/10 =  []\OML/cmm/m/it/10 ;   [] \OT1/cmr/m/n/10 =  []\OML/cmm/m/it/10 ;  [] \OT1/cmr/m/n/10 =
 []


Overfull \hbox (38.16612pt too wide) in paragraph at lines 44--207
[] [] []\OT1/cmr/m/n/10 ([]\OML/cmm/m/it/10 ;  [] \OT1/cmr/m/n/10 =  []\OML/cmm/m/it/10 ;  [] \OT1/cmr/m/n/10 =  10\OML/cmm/m/it/10 ;  [] \OT1/cmr/m/n/10 =  [][1]\OML/cmm/m/it/10 ;  [] \OT1/cmr/m/n/10 =
 []


Overfull \hbox (30.40573pt too wide) in paragraph at lines 44--207
[] [] []\OT1/cmr/m/n/10 ([]\OML/cmm/m/it/10 ;  [] \OT1/cmr/m/n/10 =  []\OML/cmm/m/it/10 ;  [] \OT1/cmr/m/n/10 = 5\OML/cmm/m/it/10 ;  [] \OT1/cmr/m/n/10 =  [][2]\OML/cmm/m/it/10 ;  [] \OT1/cmr/m/n/10 =
 []


Overfull \hbox (35.64066pt too wide) in paragraph at lines 44--207
[] [] []\OT1/cmr/m/n/10 ([]\OML/cmm/m/it/10 ;  [] \OT1/cmr/m/n/10 =  []\OML/cmm/m/it/10 ;  [] \OT1/cmr/m/n/10 =  18\OML/cmm/m/it/10 ;  [] \OT1/cmr/m/n/10 =  [][4]\OML/cmm/m/it/10 ;  [] \OT1/cmr/m/n/10 =
 []


Overfull \hbox (97.18163pt too wide) in paragraph at lines 44--207
[] [] []\OT1/cmr/m/n/10 ([]\OML/cmm/m/it/10 ;  [] \OT1/cmr/m/n/10 = []\OML/cmm/m/it/10 ; [] \OT1/cmr/m/n/10 =
 []


Overfull \hbox (18.15474pt too wide) in paragraph at lines 44--207
[] [] []\OT1/cmr/m/n/10 ([\OML/cmm/m/it/10 t;  \OT1/cmr/m/n/10 0\OML/cmm/m/it/10 ;  []\OT1/cmr/m/n/10 ]\OML/cmm/m/it/10 ;  t \OT1/cmr/m/n/10 = \OMS/cmsy/m/n/10 ^^@\OT1/cmr/m/n/10 1 \OML/cmm/m/it/10 :: \OT1/cmr/m/n/10 1\OML/cmm/m/it/10 ;  [] \OT1/cmr/m/n/10 =  []\OML/cmm/m/it/10 ;  [] \OT1/cmr/m/n/10 =  []\OML/cmm/m/it/10 ;  [] \OT1/cmr/m/n/10 =
 []


Overfull \hbox (15.95831pt too wide) in paragraph at lines 44--207
[] [] []\OT1/cmr/m/n/10 ([[](3) \OMS/cmsy/m/n/10 ^^C []\OT1/cmr/m/n/10 ([])\OML/cmm/m/it/10 ;  []\OT1/cmr/m/n/10 (3) \OMS/cmsy/m/n/10 ^^C []\OT1/cmr/m/n/10 ([])\OML/cmm/m/it/10 ;  \OT1/cmr/m/n/10 0]\OML/cmm/m/it/10 ;   [] \OT1/cmr/m/n/10 =
 []


Overfull \hbox (288.75914pt too wide) in paragraph at lines 44--207
[] [] []\OT1/cmr/m/n/10 ([]\OML/cmm/m/it/10 ;   [];   [];   [] \OT1/cmr/m/n/10 =  []\OML/cmm/m/it/10 ;   [] \OT1/cmr/m/n/10 =
 []


Underfull \hbox (badness 10000) in paragraph at lines 44--207
$
 []


Underfull \hbox (badness 10000) in paragraph at lines 44--207

 []



[1

{C:/Users/Usuario/AppData/Local/MiKTeX/fonts/map/pdftex/pdftex.map}]

[2]
c:/Users/Usuario/Documents/tfg-git/latex/codigo.tex:350: Misplaced alignment tab character &.
<argument> &
            bsol;\_
l.350 ...sh \left{\mathrm{n}\backslash \right}$''}
                                                  ,\mathit{labels} =\,[\text...
I can't figure out why you would want to use a tab mark
here. If you just want an ampersand, the remedy is
simple: Just type `I\&' now. But if some right brace
up above has ended a previous alignment prematurely,
you're probably due for more error messages, and you
might try typing `S' now just to see what is salvageable.

c:/Users/Usuario/Documents/tfg-git/latex/codigo.tex:350: Missing delimiter (. inserted).
<to be read again> 
                   {
l.350 ...sh \left{\mathrm{n}\backslash \right}$''}
                                                  ,\mathit{labels} =\,[\text...
I was expecting to see something like `(' or `\{' or
`\}' here. If you typed, e.g., `{' instead of `\{', you
should probably delete the `{' by typing `1' now, so that
braces don't get unbalanced. Otherwise just proceed.
Acceptable delimiters are characters whose \delcode is
nonnegative, or you can use `\delimiter <delimiter code>'.

c:/Users/Usuario/Documents/tfg-git/latex/codigo.tex:350: Missing } inserted.
<inserted text> 
                }
l.350 ...sh \left{\mathrm{n}\backslash \right}$''}
                                                  ,\mathit{labels} =\,[\text...
I've inserted something that you may have forgotten.
(See the <inserted text> above.)
With luck, this will get me unwedged. But if you
really didn't forget anything, try typing `2' now; then
my insertion and my current dilemma will both disappear.

c:/Users/Usuario/Documents/tfg-git/latex/codigo.tex:350: Missing delimiter (. inserted).
<to be read again> 
                   }
l.350 ...sh \left{\mathrm{n}\backslash \right}$''}
                                                  ,\mathit{labels} =\,[\text...
I was expecting to see something like `(' or `\{' or
`\}' here. If you typed, e.g., `{' instead of `\{', you
should probably delete the `{' by typing `1' now, so that
braces don't get unbalanced. Otherwise just proceed.
Acceptable delimiters are characters whose \delcode is
nonnegative, or you can use `\delimiter <delimiter code>'.

c:/Users/Usuario/Documents/tfg-git/latex/codigo.tex:350: Extra }, or forgotten $.
<recently read> }
                 
l.350 ...sh \left{\mathrm{n}\backslash \right}$''}
                                                  ,\mathit{labels} =\,[\text...
I've deleted a group-closing symbol because it seems to be
spurious, as in `$x}$'. But perhaps the } is legitimate and
you forgot something else, as in `\hbox{$x}'. In such cases
the way to recover is to insert both the forgotten and the
deleted material, e.g., by typing `I$}'.

c:/Users/Usuario/Documents/tfg-git/latex/codigo.tex:350: Misplaced alignment tab character &.
<argument> &
            bsol;\_
l.350 ...sh \left{\mathrm{n}\backslash \right}$''}
                                                  ,\mathit{labels} =\,[\text...
I can't figure out why you would want to use a tab mark
here. If you just want an ampersand, the remedy is
simple: Just type `I\&' now. But if some right brace
up above has ended a previous alignment prematurely,
you're probably due for more error messages, and you
might try typing `S' now just to see what is salvageable.

c:/Users/Usuario/Documents/tfg-git/latex/codigo.tex:350: Missing delimiter (. inserted).
<to be read again> 
                   {
l.350 ...sh \left{\mathrm{n}\backslash \right}$''}
                                                  ,\mathit{labels} =\,[\text...
I was expecting to see something like `(' or `\{' or
`\}' here. If you typed, e.g., `{' instead of `\{', you
should probably delete the `{' by typing `1' now, so that
braces don't get unbalanced. Otherwise just proceed.
Acceptable delimiters are characters whose \delcode is
nonnegative, or you can use `\delimiter <delimiter code>'.

c:/Users/Usuario/Documents/tfg-git/latex/codigo.tex:350: Missing } inserted.
<inserted text> 
                }
l.350 ...sh \left{\mathrm{n}\backslash \right}$''}
                                                  ,\mathit{labels} =\,[\text...
I've inserted something that you may have forgotten.
(See the <inserted text> above.)
With luck, this will get me unwedged. But if you
really didn't forget anything, try typing `2' now; then
my insertion and my current dilemma will both disappear.

c:/Users/Usuario/Documents/tfg-git/latex/codigo.tex:350: Missing delimiter (. inserted).
<to be read again> 
                   }
l.350 ...sh \left{\mathrm{n}\backslash \right}$''}
                                                  ,\mathit{labels} =\,[\text...
I was expecting to see something like `(' or `\{' or
`\}' here. If you typed, e.g., `{' instead of `\{', you
should probably delete the `{' by typing `1' now, so that
braces don't get unbalanced. Otherwise just proceed.
Acceptable delimiters are characters whose \delcode is
nonnegative, or you can use `\delimiter <delimiter code>'.

c:/Users/Usuario/Documents/tfg-git/latex/codigo.tex:350: Extra }, or forgotten $.
<recently read> }
                 
l.350 ...sh \left{\mathrm{n}\backslash \right}$''}
                                                  ,\mathit{labels} =\,[\text...
I've deleted a group-closing symbol because it seems to be
spurious, as in `$x}$'. But perhaps the } is legitimate and
you forgot something else, as in `\hbox{$x}'. In such cases
the way to recover is to insert both the forgotten and the
deleted material, e.g., by typing `I$}'.

c:/Users/Usuario/Documents/tfg-git/latex/codigo.tex:362: Misplaced alignment tab character &.
<argument> &
            bsol;\_
l.362 ...eft(\mathrm{t}\right)\textrm{\ en 3D}$''}
                                                  ,\, \,\mathit{orientation}...
I can't figure out why you would want to use a tab mark
here. If you just want an ampersand, the remedy is
simple: Just type `I\&' now. But if some right brace
up above has ended a previous alignment prematurely,
you're probably due for more error messages, and you
might try typing `S' now just to see what is salvageable.

c:/Users/Usuario/Documents/tfg-git/latex/codigo.tex:362: Misplaced alignment tab character &.
<argument> &
            bsol;\_
l.362 ...eft(\mathrm{t}\right)\textrm{\ en 3D}$''}
                                                  ,\, \,\mathit{orientation}...
I can't figure out why you would want to use a tab mark
here. If you just want an ampersand, the remedy is
simple: Just type `I\&' now. But if some right brace
up above has ended a previous alignment prematurely,
you're probably due for more error messages, and you
might try typing `S' now just to see what is salvageable.


Overfull \hbox (49.24048pt too wide) in paragraph at lines 210--373
[] [] \OT1/cmr/m/n/10 [[](\OML/cmm/m/it/10 t[]; k \OT1/cmr/m/n/10 = 0\OML/cmm/m/it/10 ::n\OT1/cmr/m/n/10 )]:  [] [] [](\OML/cmm/m/it/10 n \OT1/cmr/m/n/10 + 1\OML/cmm/m/it/10 ; n \OT1/cmr/m/n/10 + 1\OML/cmm/m/it/10 ; \OT1/cmr/m/n/10 (\OML/cmm/m/it/10 i; j\OT1/cmr/m/n/10 ) \OMS/cmsy/m/n/10 ! []\OT1/cmr/m/n/10 ([][\OML/cmm/m/it/10 i\OT1/cmr/m/n/10 ]\OML/cmm/m/it/10 ; []\OT1/cmr/m/n/10 [\OML/cmm/m/it/10 j\OT1/cmr/m/n/10 ])): [] 
 []


Overfull \hbox (49.38283pt too wide) in paragraph at lines 210--373
[] [] []\OT1/cmr/m/n/10 ([]):  [] [] [[]([]([][\OML/cmm/m/it/10 i\OT1/cmr/m/n/10 ])\OML/cmm/m/it/10 ;  i \OT1/cmr/m/n/10 =  1 \OML/cmm/m/it/10 :: n \OT1/cmr/m/n/10 + 1)]:  [] []
 []


Overfull \hbox (86.14539pt too wide) in paragraph at lines 210--373
[] [] []\OT1/cmr/m/n/10 ([]\OML/cmm/m/it/10 ;  []\OT1/cmr/m/n/10 )  [] []\OML/cmm/m/it/10 ;  p;  i\OT1/cmr/m/n/10 ;   [] [] [];   [] \OML/cmm/m/it/10 p [] [] [] [] []
 []


Overfull \hbox (14.0044pt too wide) in paragraph at lines 210--373
[] [] []\OT1/cmr/m/n/10 ([]\OML/cmm/m/it/10 ; []\OT1/cmr/m/n/10 ):  [] [] [](\OML/cmm/m/it/10 n; n; \OT1/cmr/m/n/10 (\OML/cmm/m/it/10 i; j\OT1/cmr/m/n/10 ) \OMS/cmsy/m/n/10 ! []\OT1/cmr/m/n/10 (\OML/cmm/m/it/10 t \OMS/cmsy/m/n/10 ^^A
 []


Overfull \hbox (9.95757pt too wide) in paragraph at lines 210--373
[] \OML/cmm/m/it/10 i [] []\OT1/cmr/m/n/10 ([]) [] [] [] [[]([])\OML/cmm/m/it/10 ;  \OT1/cmr/m/n/10 [\OMS/cmsy/m/n/10 <\OT1/cmr/m/n/10 ([][\OML/cmm/m/it/10 i\OT1/cmr/m/n/10 ])\OML/cmm/m/it/10 ; \OMS/cmsy/m/n/10 =\OT1/cmr/m/n/10 ([][\OML/cmm/m/it/10 i\OT1/cmr/m/n/10 ])]]; [] 
 []


Overfull \hbox (26.92905pt too wide) in paragraph at lines 210--373
\OT1/cmr/m/n/10 #[][] [] [[]\OML/cmm/m/it/10 ;  [];  [];  [];  [];  [];  [];  [];  []\OT1/cmr/m/n/10 ]: [] 
 []


Overfull \hbox (59.50949pt too wide) in paragraph at lines 210--373
[] [] []\OT1/cmr/m/n/10 ([]([0\OML/cmm/m/it/10 ;  \OT1/cmr/m/n/10 0]\OML/cmm/m/it/10 ;  []\OT1/cmr/m/n/10 (3))\OML/cmm/m/it/10 ;   [] \OT1/cmr/m/n/10 =  []\OML/cmm/m/it/10 ;   [] \OT1/cmr/m/n/10 =  []\OML/cmm/m/it/10 ;  [] \OT1/cmr/m/n/10 =
 []


Overfull \hbox (38.16612pt too wide) in paragraph at lines 210--373
[] [] []\OT1/cmr/m/n/10 ([]\OML/cmm/m/it/10 ;  [] \OT1/cmr/m/n/10 =  []\OML/cmm/m/it/10 ;  [] \OT1/cmr/m/n/10 =  10\OML/cmm/m/it/10 ;  [] \OT1/cmr/m/n/10 =  [][1]\OML/cmm/m/it/10 ;  [] \OT1/cmr/m/n/10 =
 []


Overfull \hbox (30.40573pt too wide) in paragraph at lines 210--373
[] [] []\OT1/cmr/m/n/10 ([]\OML/cmm/m/it/10 ;  [] \OT1/cmr/m/n/10 =  []\OML/cmm/m/it/10 ;  [] \OT1/cmr/m/n/10 = 5\OML/cmm/m/it/10 ;  [] \OT1/cmr/m/n/10 =  [][2]\OML/cmm/m/it/10 ;  [] \OT1/cmr/m/n/10 =
 []


Overfull \hbox (35.64066pt too wide) in paragraph at lines 210--373
[] [] []\OT1/cmr/m/n/10 ([]\OML/cmm/m/it/10 ;  [] \OT1/cmr/m/n/10 =  []\OML/cmm/m/it/10 ;  [] \OT1/cmr/m/n/10 =  18\OML/cmm/m/it/10 ;  [] \OT1/cmr/m/n/10 =  [][4]\OML/cmm/m/it/10 ;  [] \OT1/cmr/m/n/10 =
 []


Overfull \hbox (97.18163pt too wide) in paragraph at lines 210--373
[] [] []\OT1/cmr/m/n/10 ([]\OML/cmm/m/it/10 ;  [] \OT1/cmr/m/n/10 = []\OML/cmm/m/it/10 ; [] \OT1/cmr/m/n/10 =
 []


Overfull \hbox (18.15474pt too wide) in paragraph at lines 210--373
[] [] []\OT1/cmr/m/n/10 ([\OML/cmm/m/it/10 t;  \OT1/cmr/m/n/10 0\OML/cmm/m/it/10 ;  []\OT1/cmr/m/n/10 ]\OML/cmm/m/it/10 ;  t \OT1/cmr/m/n/10 = \OMS/cmsy/m/n/10 ^^@\OT1/cmr/m/n/10 1 \OML/cmm/m/it/10 :: \OT1/cmr/m/n/10 1\OML/cmm/m/it/10 ;  [] \OT1/cmr/m/n/10 =  []\OML/cmm/m/it/10 ;  [] \OT1/cmr/m/n/10 =  []\OML/cmm/m/it/10 ;  [] \OT1/cmr/m/n/10 =
 []


Overfull \hbox (15.95831pt too wide) in paragraph at lines 210--373
[] [] []\OT1/cmr/m/n/10 ([[](3) \OMS/cmsy/m/n/10 ^^C []\OT1/cmr/m/n/10 ([])\OML/cmm/m/it/10 ;  []\OT1/cmr/m/n/10 (3) \OMS/cmsy/m/n/10 ^^C []\OT1/cmr/m/n/10 ([])\OML/cmm/m/it/10 ;  \OT1/cmr/m/n/10 0]\OML/cmm/m/it/10 ;   [] \OT1/cmr/m/n/10 =
 []


Overfull \hbox (288.75914pt too wide) in paragraph at lines 210--373
[] [] []\OT1/cmr/m/n/10 ([]\OML/cmm/m/it/10 ;   [];   [];   [] \OT1/cmr/m/n/10 =  []\OML/cmm/m/it/10 ;   [] \OT1/cmr/m/n/10 =
 []


Underfull \hbox (badness 10000) in paragraph at lines 210--373
$
 []


Underfull \hbox (badness 10000) in paragraph at lines 210--373

 []



[3]

[4]
c:/Users/Usuario/Documents/tfg-git/latex/codigo.tex:518: Misplaced alignment tab character &.
<argument> &
            bsol;\_
l.518 ...sh \left{\mathrm{n}\backslash \right}$''}
                                                  ,\mathit{labels} =\,[\text...
I can't figure out why you would want to use a tab mark
here. If you just want an ampersand, the remedy is
simple: Just type `I\&' now. But if some right brace
up above has ended a previous alignment prematurely,
you're probably due for more error messages, and you
might try typing `S' now just to see what is salvageable.

c:/Users/Usuario/Documents/tfg-git/latex/codigo.tex:518: Missing delimiter (. inserted).
<to be read again> 
                   {
l.518 ...sh \left{\mathrm{n}\backslash \right}$''}
                                                  ,\mathit{labels} =\,[\text...
I was expecting to see something like `(' or `\{' or
`\}' here. If you typed, e.g., `{' instead of `\{', you
should probably delete the `{' by typing `1' now, so that
braces don't get unbalanced. Otherwise just proceed.
Acceptable delimiters are characters whose \delcode is
nonnegative, or you can use `\delimiter <delimiter code>'.

c:/Users/Usuario/Documents/tfg-git/latex/codigo.tex:518: Missing } inserted.
<inserted text> 
                }
l.518 ...sh \left{\mathrm{n}\backslash \right}$''}
                                                  ,\mathit{labels} =\,[\text...
I've inserted something that you may have forgotten.
(See the <inserted text> above.)
With luck, this will get me unwedged. But if you
really didn't forget anything, try typing `2' now; then
my insertion and my current dilemma will both disappear.

c:/Users/Usuario/Documents/tfg-git/latex/codigo.tex:518: Missing delimiter (. inserted).
<to be read again> 
                   }
l.518 ...sh \left{\mathrm{n}\backslash \right}$''}
                                                  ,\mathit{labels} =\,[\text...
I was expecting to see something like `(' or `\{' or
`\}' here. If you typed, e.g., `{' instead of `\{', you
should probably delete the `{' by typing `1' now, so that
braces don't get unbalanced. Otherwise just proceed.
Acceptable delimiters are characters whose \delcode is
nonnegative, or you can use `\delimiter <delimiter code>'.

c:/Users/Usuario/Documents/tfg-git/latex/codigo.tex:518: Extra }, or forgotten $.
<recently read> }
                 
l.518 ...sh \left{\mathrm{n}\backslash \right}$''}
                                                  ,\mathit{labels} =\,[\text...
I've deleted a group-closing symbol because it seems to be
spurious, as in `$x}$'. But perhaps the } is legitimate and
you forgot something else, as in `\hbox{$x}'. In such cases
the way to recover is to insert both the forgotten and the
deleted material, e.g., by typing `I$}'.

c:/Users/Usuario/Documents/tfg-git/latex/codigo.tex:518: Misplaced alignment tab character &.
<argument> &
            bsol;\_
l.518 ...sh \left{\mathrm{n}\backslash \right}$''}
                                                  ,\mathit{labels} =\,[\text...
I can't figure out why you would want to use a tab mark
here. If you just want an ampersand, the remedy is
simple: Just type `I\&' now. But if some right brace
up above has ended a previous alignment prematurely,
you're probably due for more error messages, and you
might try typing `S' now just to see what is salvageable.

c:/Users/Usuario/Documents/tfg-git/latex/codigo.tex:518: Missing delimiter (. inserted).
<to be read again> 
                   {
l.518 ...sh \left{\mathrm{n}\backslash \right}$''}
                                                  ,\mathit{labels} =\,[\text...
I was expecting to see something like `(' or `\{' or
`\}' here. If you typed, e.g., `{' instead of `\{', you
should probably delete the `{' by typing `1' now, so that
braces don't get unbalanced. Otherwise just proceed.
Acceptable delimiters are characters whose \delcode is
nonnegative, or you can use `\delimiter <delimiter code>'.

c:/Users/Usuario/Documents/tfg-git/latex/codigo.tex:518: Missing } inserted.
<inserted text> 
                }
l.518 ...sh \left{\mathrm{n}\backslash \right}$''}
                                                  ,\mathit{labels} =\,[\text...
I've inserted something that you may have forgotten.
(See the <inserted text> above.)
With luck, this will get me unwedged. But if you
really didn't forget anything, try typing `2' now; then
my insertion and my current dilemma will both disappear.

c:/Users/Usuario/Documents/tfg-git/latex/codigo.tex:518: Missing delimiter (. inserted).
<to be read again> 
                   }
l.518 ...sh \left{\mathrm{n}\backslash \right}$''}
                                                  ,\mathit{labels} =\,[\text...
I was expecting to see something like `(' or `\{' or
`\}' here. If you typed, e.g., `{' instead of `\{', you
should probably delete the `{' by typing `1' now, so that
braces don't get unbalanced. Otherwise just proceed.
Acceptable delimiters are characters whose \delcode is
nonnegative, or you can use `\delimiter <delimiter code>'.

c:/Users/Usuario/Documents/tfg-git/latex/codigo.tex:518: Extra }, or forgotten $.
<recently read> }
                 
l.518 ...sh \left{\mathrm{n}\backslash \right}$''}
                                                  ,\mathit{labels} =\,[\text...
I've deleted a group-closing symbol because it seems to be
spurious, as in `$x}$'. But perhaps the } is legitimate and
you forgot something else, as in `\hbox{$x}'. In such cases
the way to recover is to insert both the forgotten and the
deleted material, e.g., by typing `I$}'.

c:/Users/Usuario/Documents/tfg-git/latex/codigo.tex:532: Misplaced alignment tab character &.
<argument> &
            bsol;\_
l.532 ...eft(\mathrm{t}\right)\textrm{\ en 3D}$''}
                                                  ,\, \,\mathit{orientation}...
I can't figure out why you would want to use a tab mark
here. If you just want an ampersand, the remedy is
simple: Just type `I\&' now. But if some right brace
up above has ended a previous alignment prematurely,
you're probably due for more error messages, and you
might try typing `S' now just to see what is salvageable.

c:/Users/Usuario/Documents/tfg-git/latex/codigo.tex:532: Misplaced alignment tab character &.
<argument> &
            bsol;\_
l.532 ...eft(\mathrm{t}\right)\textrm{\ en 3D}$''}
                                                  ,\, \,\mathit{orientation}...
I can't figure out why you would want to use a tab mark
here. If you just want an ampersand, the remedy is
simple: Just type `I\&' now. But if some right brace
up above has ended a previous alignment prematurely,
you're probably due for more error messages, and you
might try typing `S' now just to see what is salvageable.


Overfull \hbox (49.24048pt too wide) in paragraph at lines 375--539
[] [] \OT1/cmr/m/n/10 [[](\OML/cmm/m/it/10 t[]; k \OT1/cmr/m/n/10 = 0\OML/cmm/m/it/10 ::n\OT1/cmr/m/n/10 )]:  [] [] [](\OML/cmm/m/it/10 n \OT1/cmr/m/n/10 + 1\OML/cmm/m/it/10 ; n \OT1/cmr/m/n/10 + 1\OML/cmm/m/it/10 ; \OT1/cmr/m/n/10 (\OML/cmm/m/it/10 i; j\OT1/cmr/m/n/10 ) \OMS/cmsy/m/n/10 ! []\OT1/cmr/m/n/10 ([][\OML/cmm/m/it/10 i\OT1/cmr/m/n/10 ]\OML/cmm/m/it/10 ; []\OT1/cmr/m/n/10 [\OML/cmm/m/it/10 j\OT1/cmr/m/n/10 ])): [] 
 []


Overfull \hbox (49.38283pt too wide) in paragraph at lines 375--539
[] [] []\OT1/cmr/m/n/10 ([]):  [] [] [[]([]([][\OML/cmm/m/it/10 i\OT1/cmr/m/n/10 ])\OML/cmm/m/it/10 ;  i \OT1/cmr/m/n/10 =  1 \OML/cmm/m/it/10 :: n \OT1/cmr/m/n/10 + 1)]:  [] []
 []


Overfull \hbox (86.14539pt too wide) in paragraph at lines 375--539
[] [] []\OT1/cmr/m/n/10 ([]\OML/cmm/m/it/10 ;  []\OT1/cmr/m/n/10 )  [] []\OML/cmm/m/it/10 ;  p;  i\OT1/cmr/m/n/10 ;   [] [] [];   [] \OML/cmm/m/it/10 p [] [] [] [] []
 []


Overfull \hbox (14.0044pt too wide) in paragraph at lines 375--539
[] [] []\OT1/cmr/m/n/10 ([]\OML/cmm/m/it/10 ; []\OT1/cmr/m/n/10 ):  [] [] [](\OML/cmm/m/it/10 n; n; \OT1/cmr/m/n/10 (\OML/cmm/m/it/10 i; j\OT1/cmr/m/n/10 ) \OMS/cmsy/m/n/10 ! []\OT1/cmr/m/n/10 (\OML/cmm/m/it/10 t \OMS/cmsy/m/n/10 ^^A
 []


Overfull \hbox (9.95757pt too wide) in paragraph at lines 375--539
[] \OML/cmm/m/it/10 i [] []\OT1/cmr/m/n/10 ([]) [] [] [] [[]([])\OML/cmm/m/it/10 ;  \OT1/cmr/m/n/10 [\OMS/cmsy/m/n/10 <\OT1/cmr/m/n/10 ([][\OML/cmm/m/it/10 i\OT1/cmr/m/n/10 ])\OML/cmm/m/it/10 ; \OMS/cmsy/m/n/10 =\OT1/cmr/m/n/10 ([][\OML/cmm/m/it/10 i\OT1/cmr/m/n/10 ])]]; [] 
 []


Overfull \hbox (26.92905pt too wide) in paragraph at lines 375--539
\OT1/cmr/m/n/10 #[][] [] [[]\OML/cmm/m/it/10 ;  [];  [];  [];  [];  [];  [];  [];  []\OT1/cmr/m/n/10 ]: [] 
 []


Overfull \hbox (59.50949pt too wide) in paragraph at lines 375--539
[] [] []\OT1/cmr/m/n/10 ([]([0\OML/cmm/m/it/10 ;  \OT1/cmr/m/n/10 0]\OML/cmm/m/it/10 ;  []\OT1/cmr/m/n/10 (3))\OML/cmm/m/it/10 ;   [] \OT1/cmr/m/n/10 =  []\OML/cmm/m/it/10 ;   [] \OT1/cmr/m/n/10 =  []\OML/cmm/m/it/10 ;  [] \OT1/cmr/m/n/10 =
 []


Overfull \hbox (38.16612pt too wide) in paragraph at lines 375--539
[] [] []\OT1/cmr/m/n/10 ([]\OML/cmm/m/it/10 ;  [] \OT1/cmr/m/n/10 =  []\OML/cmm/m/it/10 ;  [] \OT1/cmr/m/n/10 =  10\OML/cmm/m/it/10 ;  [] \OT1/cmr/m/n/10 =  [][1]\OML/cmm/m/it/10 ;  [] \OT1/cmr/m/n/10 =
 []


Overfull \hbox (30.40573pt too wide) in paragraph at lines 375--539
[] [] []\OT1/cmr/m/n/10 ([]\OML/cmm/m/it/10 ;  [] \OT1/cmr/m/n/10 =  []\OML/cmm/m/it/10 ;  [] \OT1/cmr/m/n/10 = 5\OML/cmm/m/it/10 ;  [] \OT1/cmr/m/n/10 =  [][2]\OML/cmm/m/it/10 ;  [] \OT1/cmr/m/n/10 =
 []


Overfull \hbox (35.64066pt too wide) in paragraph at lines 375--539
[] [] []\OT1/cmr/m/n/10 ([]\OML/cmm/m/it/10 ;  [] \OT1/cmr/m/n/10 =  []\OML/cmm/m/it/10 ;  [] \OT1/cmr/m/n/10 =  18\OML/cmm/m/it/10 ;  [] \OT1/cmr/m/n/10 =  [][4]\OML/cmm/m/it/10 ;  [] \OT1/cmr/m/n/10 =
 []


Overfull \hbox (1.73657pt too wide) in paragraph at lines 375--539
[] [] []\OT1/cmr/m/n/10 ([]\OML/cmm/m/it/10 ;  t \OT1/cmr/m/n/10 = \OMS/cmsy/m/n/10 ^^@\OT1/cmr/m/n/10 2\OML/cmm/m/it/10 :: \OMS/cmsy/m/n/10 ^^@ \OT1/cmr/m/n/10 1\OML/cmm/m/it/10 ;  [] \OT1/cmr/m/n/10 =  [][3]\OML/cmm/m/it/10 ;  [] \OT1/cmr/m/n/10 =  1\OML/cmm/m/it/10 ;  [] \OT1/cmr/m/n/10 =
 []


Overfull \hbox (97.18163pt too wide) in paragraph at lines 375--539
[] [] []\OT1/cmr/m/n/10 ([]\OML/cmm/m/it/10 ;  [] \OT1/cmr/m/n/10 = []\OML/cmm/m/it/10 ; [] \OT1/cmr/m/n/10 =
 []


Overfull \hbox (33.05698pt too wide) in paragraph at lines 375--539
[] [] []\OT1/cmr/m/n/10 ([\OML/cmm/m/it/10 t;  \OT1/cmr/m/n/10 0\OML/cmm/m/it/10 ;  []\OT1/cmr/m/n/10 ]\OML/cmm/m/it/10 ;  t \OT1/cmr/m/n/10 = \OMS/cmsy/m/n/10 ^^@\OT1/cmr/m/n/10 2 \OML/cmm/m/it/10 :: \OMS/cmsy/m/n/10 ^^@ \OT1/cmr/m/n/10 1\OML/cmm/m/it/10 ;  [] \OT1/cmr/m/n/10 =  []\OML/cmm/m/it/10 ;  [] \OT1/cmr/m/n/10 =  []\OML/cmm/m/it/10 ;  [] \OT1/cmr/m/n/10 =
 []


Overfull \hbox (20.83463pt too wide) in paragraph at lines 375--539
[] [] []\OT1/cmr/m/n/10 ([\OML/cmm/m/it/10 t;  \OT1/cmr/m/n/10 0\OML/cmm/m/it/10 ;  []\OT1/cmr/m/n/10 ]\OML/cmm/m/it/10 ;  t \OT1/cmr/m/n/10 =  1 \OML/cmm/m/it/10 :: \OT1/cmr/m/n/10 2\OML/cmm/m/it/10 ;  [] \OT1/cmr/m/n/10 =  []\OML/cmm/m/it/10 ;  [] \OT1/cmr/m/n/10 =  []\OML/cmm/m/it/10 ;  [] \OT1/cmr/m/n/10 =
 []


Overfull \hbox (15.95831pt too wide) in paragraph at lines 375--539
[] [] []\OT1/cmr/m/n/10 ([[](3) \OMS/cmsy/m/n/10 ^^C []\OT1/cmr/m/n/10 ([])\OML/cmm/m/it/10 ;  []\OT1/cmr/m/n/10 (3) \OMS/cmsy/m/n/10 ^^C []\OT1/cmr/m/n/10 ([])\OML/cmm/m/it/10 ;  \OT1/cmr/m/n/10 0]\OML/cmm/m/it/10 ;   [] \OT1/cmr/m/n/10 =
 []


Overfull \hbox (35.04462pt too wide) in paragraph at lines 375--539
[] [] []\OT1/cmr/m/n/10 ([]\OML/cmm/m/it/10 ;   [];  [];  [];   [] \OT1/cmr/m/n/10 =
 []


Overfull \hbox (16.66737pt too wide) in paragraph at lines 375--539
[]\OML/cmm/m/it/10 ;   [] \OT1/cmr/m/n/10 =  [45\OML/cmm/m/it/10 ;  \OT1/cmr/m/n/10 45\OML/cmm/m/it/10 ;  \OT1/cmr/m/n/10 0][] 
 []


Underfull \hbox (badness 10000) in paragraph at lines 375--539

 []



[5]

[6]
c:/Users/Usuario/Documents/tfg-git/latex/codigo.tex:686: Misplaced alignment tab character &.
<argument> &
            bsol;\_
l.686 ...sh \left{\mathrm{n}\backslash \right}$''}
                                                  ,\mathit{labels} =\,[\text...
I can't figure out why you would want to use a tab mark
here. If you just want an ampersand, the remedy is
simple: Just type `I\&' now. But if some right brace
up above has ended a previous alignment prematurely,
you're probably due for more error messages, and you
might try typing `S' now just to see what is salvageable.

c:/Users/Usuario/Documents/tfg-git/latex/codigo.tex:686: Missing delimiter (. inserted).
<to be read again> 
                   {
l.686 ...sh \left{\mathrm{n}\backslash \right}$''}
                                                  ,\mathit{labels} =\,[\text...
I was expecting to see something like `(' or `\{' or
`\}' here. If you typed, e.g., `{' instead of `\{', you
should probably delete the `{' by typing `1' now, so that
braces don't get unbalanced. Otherwise just proceed.
Acceptable delimiters are characters whose \delcode is
nonnegative, or you can use `\delimiter <delimiter code>'.

c:/Users/Usuario/Documents/tfg-git/latex/codigo.tex:686: Missing } inserted.
<inserted text> 
                }
l.686 ...sh \left{\mathrm{n}\backslash \right}$''}
                                                  ,\mathit{labels} =\,[\text...
I've inserted something that you may have forgotten.
(See the <inserted text> above.)
With luck, this will get me unwedged. But if you
really didn't forget anything, try typing `2' now; then
my insertion and my current dilemma will both disappear.

c:/Users/Usuario/Documents/tfg-git/latex/codigo.tex:686: Missing delimiter (. inserted).
<to be read again> 
                   }
l.686 ...sh \left{\mathrm{n}\backslash \right}$''}
                                                  ,\mathit{labels} =\,[\text...
I was expecting to see something like `(' or `\{' or
`\}' here. If you typed, e.g., `{' instead of `\{', you
should probably delete the `{' by typing `1' now, so that
braces don't get unbalanced. Otherwise just proceed.
Acceptable delimiters are characters whose \delcode is
nonnegative, or you can use `\delimiter <delimiter code>'.

c:/Users/Usuario/Documents/tfg-git/latex/codigo.tex:686: Extra }, or forgotten $.
<recently read> }
                 
l.686 ...sh \left{\mathrm{n}\backslash \right}$''}
                                                  ,\mathit{labels} =\,[\text...
I've deleted a group-closing symbol because it seems to be
spurious, as in `$x}$'. But perhaps the } is legitimate and
you forgot something else, as in `\hbox{$x}'. In such cases
the way to recover is to insert both the forgotten and the
deleted material, e.g., by typing `I$}'.

c:/Users/Usuario/Documents/tfg-git/latex/codigo.tex:686: Misplaced alignment tab character &.
<argument> &
            bsol;\_
l.686 ...sh \left{\mathrm{n}\backslash \right}$''}
                                                  ,\mathit{labels} =\,[\text...
I can't figure out why you would want to use a tab mark
here. If you just want an ampersand, the remedy is
simple: Just type `I\&' now. But if some right brace
up above has ended a previous alignment prematurely,
you're probably due for more error messages, and you
might try typing `S' now just to see what is salvageable.

c:/Users/Usuario/Documents/tfg-git/latex/codigo.tex:686: Missing delimiter (. inserted).
<to be read again> 
                   {
l.686 ...sh \left{\mathrm{n}\backslash \right}$''}
                                                  ,\mathit{labels} =\,[\text...
I was expecting to see something like `(' or `\{' or
`\}' here. If you typed, e.g., `{' instead of `\{', you
should probably delete the `{' by typing `1' now, so that
braces don't get unbalanced. Otherwise just proceed.
Acceptable delimiters are characters whose \delcode is
nonnegative, or you can use `\delimiter <delimiter code>'.

c:/Users/Usuario/Documents/tfg-git/latex/codigo.tex:686: Missing } inserted.
<inserted text> 
                }
l.686 ...sh \left{\mathrm{n}\backslash \right}$''}
                                                  ,\mathit{labels} =\,[\text...
I've inserted something that you may have forgotten.
(See the <inserted text> above.)
With luck, this will get me unwedged. But if you
really didn't forget anything, try typing `2' now; then
my insertion and my current dilemma will both disappear.

c:/Users/Usuario/Documents/tfg-git/latex/codigo.tex:686: Missing delimiter (. inserted).
<to be read again> 
                   }
l.686 ...sh \left{\mathrm{n}\backslash \right}$''}
                                                  ,\mathit{labels} =\,[\text...
I was expecting to see something like `(' or `\{' or
`\}' here. If you typed, e.g., `{' instead of `\{', you
should probably delete the `{' by typing `1' now, so that
braces don't get unbalanced. Otherwise just proceed.
Acceptable delimiters are characters whose \delcode is
nonnegative, or you can use `\delimiter <delimiter code>'.

c:/Users/Usuario/Documents/tfg-git/latex/codigo.tex:686: Extra }, or forgotten $.
<recently read> }
                 
l.686 ...sh \left{\mathrm{n}\backslash \right}$''}
                                                  ,\mathit{labels} =\,[\text...
I've deleted a group-closing symbol because it seems to be
spurious, as in `$x}$'. But perhaps the } is legitimate and
you forgot something else, as in `\hbox{$x}'. In such cases
the way to recover is to insert both the forgotten and the
deleted material, e.g., by typing `I$}'.

c:/Users/Usuario/Documents/tfg-git/latex/codigo.tex:700: Misplaced alignment tab character &.
<argument> &
            bsol;\_
l.700 ...eft(\mathrm{t}\right)\textrm{\ en 3D}$''}
                                                  ,\, \,\mathit{orientation}...
I can't figure out why you would want to use a tab mark
here. If you just want an ampersand, the remedy is
simple: Just type `I\&' now. But if some right brace
up above has ended a previous alignment prematurely,
you're probably due for more error messages, and you
might try typing `S' now just to see what is salvageable.

c:/Users/Usuario/Documents/tfg-git/latex/codigo.tex:700: Misplaced alignment tab character &.
<argument> &
            bsol;\_
l.700 ...eft(\mathrm{t}\right)\textrm{\ en 3D}$''}
                                                  ,\, \,\mathit{orientation}...
I can't figure out why you would want to use a tab mark
here. If you just want an ampersand, the remedy is
simple: Just type `I\&' now. But if some right brace
up above has ended a previous alignment prematurely,
you're probably due for more error messages, and you
might try typing `S' now just to see what is salvageable.


Overfull \hbox (49.24048pt too wide) in paragraph at lines 543--707
[] [] \OT1/cmr/m/n/10 [[](\OML/cmm/m/it/10 t[]; k \OT1/cmr/m/n/10 = 0\OML/cmm/m/it/10 ::n\OT1/cmr/m/n/10 )]:  [] [] [](\OML/cmm/m/it/10 n \OT1/cmr/m/n/10 + 1\OML/cmm/m/it/10 ; n \OT1/cmr/m/n/10 + 1\OML/cmm/m/it/10 ; \OT1/cmr/m/n/10 (\OML/cmm/m/it/10 i; j\OT1/cmr/m/n/10 ) \OMS/cmsy/m/n/10 ! []\OT1/cmr/m/n/10 ([][\OML/cmm/m/it/10 i\OT1/cmr/m/n/10 ]\OML/cmm/m/it/10 ; []\OT1/cmr/m/n/10 [\OML/cmm/m/it/10 j\OT1/cmr/m/n/10 ])): [] 
 []


Overfull \hbox (49.38283pt too wide) in paragraph at lines 543--707
[] [] []\OT1/cmr/m/n/10 ([]):  [] [] [[]([]([][\OML/cmm/m/it/10 i\OT1/cmr/m/n/10 ])\OML/cmm/m/it/10 ;  i \OT1/cmr/m/n/10 =  1 \OML/cmm/m/it/10 :: n \OT1/cmr/m/n/10 + 1)]:  [] []
 []


Overfull \hbox (86.14539pt too wide) in paragraph at lines 543--707
[] [] []\OT1/cmr/m/n/10 ([]\OML/cmm/m/it/10 ;  []\OT1/cmr/m/n/10 )  [] []\OML/cmm/m/it/10 ;  p;  i\OT1/cmr/m/n/10 ;   [] [] [];   [] \OML/cmm/m/it/10 p [] [] [] [] []
 []


Overfull \hbox (14.0044pt too wide) in paragraph at lines 543--707
[] [] []\OT1/cmr/m/n/10 ([]\OML/cmm/m/it/10 ; []\OT1/cmr/m/n/10 ):  [] [] [](\OML/cmm/m/it/10 n; n; \OT1/cmr/m/n/10 (\OML/cmm/m/it/10 i; j\OT1/cmr/m/n/10 ) \OMS/cmsy/m/n/10 ! []\OT1/cmr/m/n/10 (\OML/cmm/m/it/10 t \OMS/cmsy/m/n/10 ^^A
 []


Overfull \hbox (9.95757pt too wide) in paragraph at lines 543--707
[] \OML/cmm/m/it/10 i [] []\OT1/cmr/m/n/10 ([]) [] [] [] [[]([])\OML/cmm/m/it/10 ;  \OT1/cmr/m/n/10 [\OMS/cmsy/m/n/10 <\OT1/cmr/m/n/10 ([][\OML/cmm/m/it/10 i\OT1/cmr/m/n/10 ])\OML/cmm/m/it/10 ; \OMS/cmsy/m/n/10 =\OT1/cmr/m/n/10 ([][\OML/cmm/m/it/10 i\OT1/cmr/m/n/10 ])]]; [] 
 []


Overfull \hbox (26.92905pt too wide) in paragraph at lines 543--707
\OT1/cmr/m/n/10 #[][] [] [[]\OML/cmm/m/it/10 ;  [];  [];  [];  [];  [];  [];  [];  []\OT1/cmr/m/n/10 ]: [] 
 []


Overfull \hbox (59.50949pt too wide) in paragraph at lines 543--707
[] [] []\OT1/cmr/m/n/10 ([]([0\OML/cmm/m/it/10 ;  \OT1/cmr/m/n/10 0]\OML/cmm/m/it/10 ;  []\OT1/cmr/m/n/10 (3))\OML/cmm/m/it/10 ;   [] \OT1/cmr/m/n/10 =  []\OML/cmm/m/it/10 ;   [] \OT1/cmr/m/n/10 =  []\OML/cmm/m/it/10 ;  [] \OT1/cmr/m/n/10 =
 []


Overfull \hbox (38.16612pt too wide) in paragraph at lines 543--707
[] [] []\OT1/cmr/m/n/10 ([]\OML/cmm/m/it/10 ;  [] \OT1/cmr/m/n/10 =  []\OML/cmm/m/it/10 ;  [] \OT1/cmr/m/n/10 =  10\OML/cmm/m/it/10 ;  [] \OT1/cmr/m/n/10 =  [][1]\OML/cmm/m/it/10 ;  [] \OT1/cmr/m/n/10 =
 []


Overfull \hbox (30.40573pt too wide) in paragraph at lines 543--707
[] [] []\OT1/cmr/m/n/10 ([]\OML/cmm/m/it/10 ;  [] \OT1/cmr/m/n/10 =  []\OML/cmm/m/it/10 ;  [] \OT1/cmr/m/n/10 = 5\OML/cmm/m/it/10 ;  [] \OT1/cmr/m/n/10 =  [][2]\OML/cmm/m/it/10 ;  [] \OT1/cmr/m/n/10 =
 []


Overfull \hbox (35.64066pt too wide) in paragraph at lines 543--707
[] [] []\OT1/cmr/m/n/10 ([]\OML/cmm/m/it/10 ;  [] \OT1/cmr/m/n/10 =  []\OML/cmm/m/it/10 ;  [] \OT1/cmr/m/n/10 =  18\OML/cmm/m/it/10 ;  [] \OT1/cmr/m/n/10 =  [][4]\OML/cmm/m/it/10 ;  [] \OT1/cmr/m/n/10 =
 []


Overfull \hbox (1.73657pt too wide) in paragraph at lines 543--707
[] [] []\OT1/cmr/m/n/10 ([]\OML/cmm/m/it/10 ;  t \OT1/cmr/m/n/10 = \OMS/cmsy/m/n/10 ^^@\OT1/cmr/m/n/10 2\OML/cmm/m/it/10 :: \OMS/cmsy/m/n/10 ^^@ \OT1/cmr/m/n/10 1\OML/cmm/m/it/10 ;  [] \OT1/cmr/m/n/10 =  [][3]\OML/cmm/m/it/10 ;  [] \OT1/cmr/m/n/10 =  1\OML/cmm/m/it/10 ;  [] \OT1/cmr/m/n/10 =
 []


Overfull \hbox (97.18163pt too wide) in paragraph at lines 543--707
[] [] []\OT1/cmr/m/n/10 ([]\OML/cmm/m/it/10 ;  [] \OT1/cmr/m/n/10 = []\OML/cmm/m/it/10 ; [] \OT1/cmr/m/n/10 =
 []


Overfull \hbox (33.05698pt too wide) in paragraph at lines 543--707
[] [] []\OT1/cmr/m/n/10 ([\OML/cmm/m/it/10 t;  \OT1/cmr/m/n/10 0\OML/cmm/m/it/10 ;  []\OT1/cmr/m/n/10 ]\OML/cmm/m/it/10 ;  t \OT1/cmr/m/n/10 = \OMS/cmsy/m/n/10 ^^@\OT1/cmr/m/n/10 2 \OML/cmm/m/it/10 :: \OMS/cmsy/m/n/10 ^^@ \OT1/cmr/m/n/10 1\OML/cmm/m/it/10 ;  [] \OT1/cmr/m/n/10 =  []\OML/cmm/m/it/10 ;  [] \OT1/cmr/m/n/10 =  []\OML/cmm/m/it/10 ;  [] \OT1/cmr/m/n/10 =
 []


Overfull \hbox (20.83463pt too wide) in paragraph at lines 543--707
[] [] []\OT1/cmr/m/n/10 ([\OML/cmm/m/it/10 t;  \OT1/cmr/m/n/10 0\OML/cmm/m/it/10 ;  []\OT1/cmr/m/n/10 ]\OML/cmm/m/it/10 ;  t \OT1/cmr/m/n/10 =  1 \OML/cmm/m/it/10 :: \OT1/cmr/m/n/10 2\OML/cmm/m/it/10 ;  [] \OT1/cmr/m/n/10 =  []\OML/cmm/m/it/10 ;  [] \OT1/cmr/m/n/10 =  []\OML/cmm/m/it/10 ;  [] \OT1/cmr/m/n/10 =
 []


Overfull \hbox (15.95831pt too wide) in paragraph at lines 543--707
[] [] []\OT1/cmr/m/n/10 ([[](3) \OMS/cmsy/m/n/10 ^^C []\OT1/cmr/m/n/10 ([])\OML/cmm/m/it/10 ;  []\OT1/cmr/m/n/10 (3) \OMS/cmsy/m/n/10 ^^C []\OT1/cmr/m/n/10 ([])\OML/cmm/m/it/10 ;  \OT1/cmr/m/n/10 0]\OML/cmm/m/it/10 ;   [] \OT1/cmr/m/n/10 =
 []


Overfull \hbox (35.04462pt too wide) in paragraph at lines 543--707
[] [] []\OT1/cmr/m/n/10 ([]\OML/cmm/m/it/10 ;   [];  [];  [];   [] \OT1/cmr/m/n/10 =
 []


Overfull \hbox (16.66737pt too wide) in paragraph at lines 543--707
[]\OML/cmm/m/it/10 ;   [] \OT1/cmr/m/n/10 =  [45\OML/cmm/m/it/10 ;  \OT1/cmr/m/n/10 45\OML/cmm/m/it/10 ;  \OT1/cmr/m/n/10 0][] 
 []


Underfull \hbox (badness 10000) in paragraph at lines 543--707

 []



[7]

[8]

[9] (codigo.aux)
 ***********
LaTeX2e <2024-11-01>
L3 programming layer <2024-11-02>
 ***********


Package rerunfilecheck Warning: File `codigo.out' has changed.
(rerunfilecheck)                Rerun to get outlines right
(rerunfilecheck)                or use package `bookmark'.

Package rerunfilecheck Info: Checksums for `codigo.out':
(rerunfilecheck)             Before: <no file>
(rerunfilecheck)             After:  D41D8CD98F00B204E9800998ECF8427E;0.
 ) 
Here is how much of TeX's memory you used:
 15154 strings out of 473682
 220619 string characters out of 5718264
 663842 words of memory out of 5000000
 38074 multiletter control sequences out of 15000+600000
 561147 words of font info for 48 fonts, out of 8000000 for 9000
 1141 hyphenation exceptions out of 8191
 75i,8n,86p,545b,453s stack positions out of 10000i,1000n,20000p,200000b,200000s
 <C:\Users\Usuario\AppData\Local\MiKTeX\fonts/pk/ljfour/jknappen/ec/dpi600\tcrm1000.pk><C:/Users/Usuario/AppData/Local/Programs/MiKTeX/fonts/type1/public/amsfonts/cm/cmmi10.pfb><C:/Users/Usuario/AppData/Local/Programs/MiKTeX/fonts/type1/public/amsfonts/cm/cmmi7.pfb><C:/Users/Usuario/AppData/Local/Programs/MiKTeX/fonts/type1/public/amsfonts/cm/cmr10.pfb><C:/Users/Usuario/AppData/Local/Programs/MiKTeX/fonts/type1/public/amsfonts/cm/cmsy10.pfb><C:/Users/Usuario/AppData/Local/Programs/MiKTeX/fonts/type1/public/amsfonts/cm/cmsy7.pfb><C:/Users/Usuario/AppData/Local/Programs/MiKTeX/fonts/type1/public/amsfonts/cm/cmti10.pfb><C:/Users/Usuario/AppData/Local/Programs/MiKTeX/fonts/type1/public/amsfonts/cm/cmti7.pfb>
Output written on codigo.pdf (9 pages, 123308 bytes).
PDF statistics:
 87 PDF objects out of 1000 (max. 8388607)
 10 named destinations out of 1000 (max. 500000)
 1 words of extra memory for PDF output out of 10000 (max. 10000000)

